// Jest Snapshot v1, https://goo.gl/fbAQLP

exports[`expect to render TrendIcon component 1`] = `ShallowWrapper {}`;

exports[`expect to render TrendIcon component 2`] = `ShallowWrapper {}`;

exports[`expect to render TrendIcon component 3`] = `ShallowWrapper {}`;
